#-----------------------------------------------------------
# Vivado v2021.2 (64-bit)
# SW Build 3367213 on Tue Oct 19 02:48:09 MDT 2021
# IP Build 3369179 on Thu Oct 21 08:25:16 MDT 2021
# Start of session at: Tue Feb  8 13:54:43 2022
# Process ID: 8152
# Current directory: D:/Trabajos/Github/Digitales1/Practica 2/Part3/Part3
# Command line: vivado.exe -gui_launcher_event rodinguilauncherevent4988 D:\Trabajos\Github\Digitales1\Practica 2\Part3\Part3\Part3.xpr
# Log file: D:/Trabajos/Github/Digitales1/Practica 2/Part3/Part3/vivado.log
# Journal file: D:/Trabajos/Github/Digitales1/Practica 2/Part3/Part3\vivado.jou
# Running On: DESKTOP-VBL1J4F, OS: Windows, CPU Frequency: 2400 MHz, CPU Physical cores: 2, Host memory: 8480 MB
#-----------------------------------------------------------
start_gui
open_project {D:/Trabajos/Github/Digitales1/Practica 2/Part3/Part3/Part3.xpr}
update_compile_order -fileset sources_1
launch_simulation
source ALU_tb.tcl
close_sim
launch_simulation
source ALU_tb.tcl
close_sim
launch_simulation
source ALU_tb.tcl
close_sim
launch_simulation
source ALU_tb.tcl
close_sim
launch_simulation
source ALU_tb.tcl
close_sim
launch_simulation
launch_simulation
source ALU_tb.tcl
close_sim
launch_simulation
source ALU_tb.tcl
close_sim
launch_simulation
source ALU_tb.tcl
close_sim
launch_simulation
source ALU_tb.tcl
close_sim
launch_simulation
source ALU_tb.tcl
close_sim
launch_simulation
source ALU_tb.tcl
set_property -name {xsim.simulate.runtime} -value {10000ns} -objects [get_filesets sim_1]
close_sim
launch_simulation
source ALU_tb.tcl
set_property -name {xsim.simulate.runtime} -value {2000ns} -objects [get_filesets sim_1]
close_sim
launch_simulation
source ALU_tb.tcl
close_sim
launch_simulation
source ALU_tb.tcl
set_property -name {xsim.simulate.runtime} -value {3000ns} -objects [get_filesets sim_1]
close_sim
launch_simulation
source ALU_tb.tcl
close_sim
launch_simulation
source ALU_tb.tcl
set_property -name {xsim.simulate.runtime} -value {96000ns} -objects [get_filesets sim_1]
close_sim
launch_simulation
source ALU_tb.tcl
set_property -name {xsim.simulate.runtime} -value {3000ns} -objects [get_filesets sim_1]
close_sim
launch_simulation
source ALU_tb.tcl
