#-----------------------------------------------------------
# Vivado v2021.2 (64-bit)
# SW Build 3367213 on Tue Oct 19 02:48:09 MDT 2021
# IP Build 3369179 on Thu Oct 21 08:25:16 MDT 2021
# Start of session at: Thu Feb  3 20:16:16 2022
# Process ID: 15248
# Current directory: D:/Trabajos/Github/Digitales1/Practica 2/Part2
# Command line: vivado.exe -gui_launcher_event rodinguilauncherevent14864 D:\Trabajos\Github\Digitales1\Practica 2\Part2\Part2.xpr
# Log file: D:/Trabajos/Github/Digitales1/Practica 2/Part2/vivado.log
# Journal file: D:/Trabajos/Github/Digitales1/Practica 2/Part2\vivado.jou
# Running On: DESKTOP-VBL1J4F, OS: Windows, CPU Frequency: 2400 MHz, CPU Physical cores: 2, Host memory: 8480 MB
#-----------------------------------------------------------
start_gui
open_project {D:/Trabajos/Github/Digitales1/Practica 2/Part2/Part2.xpr}
update_compile_order -fileset sources_1
launch_simulation
source fun_tb.tcl
close_sim
launch_simulation
source fun_tb.tcl
close_sim
launch_simulation
source fun_tb.tcl
synth_design -rtl -rtl_skip_mlo -name rtl_1
refresh_design
refresh_design
close_sim
launch_simulation
source fun_tb.tcl
close_sim
launch_simulation
source fun_tb.tcl
close_sim
launch_simulation
source fun_tb.tcl
close_sim
launch_simulation
source fun_tb.tcl
close_sim
launch_simulation
source fun_tb.tcl
close_sim
launch_simulation
source fun_tb.tcl
close_sim
launch_simulation
source fun_tb.tcl
close_sim
launch_simulation
source fun_tb.tcl
close_sim
launch_simulation
source fun_tb.tcl
close_sim
launch_simulation
source fun_tb.tcl
close_sim
launch_simulation
source fun_tb.tcl
close_sim
launch_simulation
source fun_tb.tcl
close_sim
launch_simulation
source fun_tb.tcl
close_sim
launch_simulation
source fun_tb.tcl
close_sim
launch_simulation
source fun_tb.tcl
close_sim
launch_simulation
source fun_tb.tcl
close_sim
launch_simulation
source fun_tb.tcl
close_sim
launch_simulation
source fun_tb.tcl
close_sim
launch_simulation
source fun_tb.tcl
close_sim
launch_simulation
source fun_tb.tcl
close_sim
